===== ANALYST ling3 2026-09-03 17:55:27 UTC =====
[91m[1mError: [0m{
  "name": "UnknownError",
  "data": {
    "message": "Unexpected server error. Check server logs for details.",
    "ref": "err_0f30b77d"
  }
}
===== ANALYST ling3 2026-09-03 21:00:23 UTC =====
[91m[1mError: [0m{
  "name": "UnknownError",
  "data": {
    "message": "Unexpected server error. Check server logs for details.",
    "ref": "err_8f79262c"
  }
}
===== ANALYST ling3 2026-09-03 23:13:28 UTC =====
[91m[1mError: [0m{
  "name": "UnknownError",
  "data": {
    "message": "Unexpected server error. Check server logs for details.",
    "ref": "err_4922d079"
  }
}
===== ANALYST ling3 2026-09-04 01:13:42 UTC =====
[91m[1mError: [0m{
  "name": "UnknownError",
  "data": {
    "message": "Unexpected server error. Check server logs for details.",
    "ref": "err_d1b00fac"
  }
}
===== ANALYST ling3 2026-09-04 06:05:58 UTC =====
[91m[1mError: [0m{
  "name": "UnknownError",
  "data": {
    "message": "Unexpected server error. Check server logs for details.",
    "ref": "err_6306cbaf"
  }
}
===== ANALYST ling3 2026-09-04 11:37:35 UTC =====
[91m[1mError: [0m{
  "name": "UnknownError",
  "data": {
    "message": "Unexpected server error. Check server logs for details.",
    "ref": "err_ce65cda5"
  }
}
===== ANALYST ling3 2026-09-04 15:26:08 UTC =====
[91m[1mError: [0m{
  "name": "UnknownError",
  "data": {
    "message": "Unexpected server error. Check server logs for details.",
    "ref": "err_4dd4f8c3"
  }
}
===== ANALYST ling3 2026-09-04 18:36:03 UTC =====
[91m[1mError: [0m{
  "name": "UnknownError",
  "data": {
    "message": "Unexpected server error. Check server logs for details.",
    "ref": "err_0850cc5a"
  }
}
===== ANALYST ling3 2026-09-04 21:06:19 UTC =====
[91m[1mError: [0m{
  "name": "UnknownError",
  "data": {
    "message": "Unexpected server error. Check server logs for details.",
    "ref": "err_08ab41bc"
  }
}
===== ANALYST ling3 2026-09-04 23:08:56 UTC =====
[91m[1mError: [0m{
  "name": "UnknownError",
  "data": {
    "message": "Unexpected server error. Check server logs for details.",
    "ref": "err_0e11fcfe"
  }
}
===== ANALYST ling3 2026-09-05 01:11:18 UTC =====
[91m[1mError: [0m{
  "name": "UnknownError",
  "data": {
    "message": "Unexpected server error. Check server logs for details.",
    "ref": "err_e78de272"
  }
}
===== ANALYST ling3 2026-09-05 05:58:39 UTC =====
[91m[1mError: [0m{
  "name": "UnknownError",
  "data": {
    "message": "Unexpected server error. Check server logs for details.",
    "ref": "err_eb013d15"
  }
}
===== ANALYST ling3 2026-09-05 10:30:27 UTC =====
[91m[1mError: [0m{
  "name": "UnknownError",
  "data": {
    "message": "Unexpected server error. Check server logs for details.",
    "ref": "err_121cba04"
  }
}
===== ANALYST ling3 2026-09-05 13:34:30 UTC =====
[91m[1mError: [0m{
  "name": "UnknownError",
  "data": {
    "message": "Unexpected server error. Check server logs for details.",
    "ref": "err_e83d95bd"
  }
}
===== ANALYST ling3 2026-09-05 16:26:13 UTC =====
[91m[1mError: [0m{
  "name": "UnknownError",
  "data": {
    "message": "Unexpected server error. Check server logs for details.",
    "ref": "err_28308c89"
  }
}
===== ANALYST ling3 2026-09-05 18:46:05 UTC =====
[91m[1mError: [0m{
  "name": "UnknownError",
  "data": {
    "message": "Unexpected server error. Check server logs for details.",
    "ref": "err_6d48d6bc"
  }
}
===== ANALYST ling3 2026-09-05 20:52:44 UTC =====
[91m[1mError: [0m{
  "name": "UnknownError",
  "data": {
    "message": "Unexpected server error. Check server logs for details.",
    "ref": "err_3737911a"
  }
}
===== ANALYST ling3 2026-09-05 22:48:52 UTC =====
[91m[1mError: [0m{
  "name": "UnknownError",
  "data": {
    "message": "Unexpected server error. Check server logs for details.",
    "ref": "err_aa528f5e"
  }
}
===== ANALYST ling3 2026-09-06 00:56:42 UTC =====
[91m[1mError: [0m{
  "name": "UnknownError",
  "data": {
    "message": "Unexpected server error. Check server logs for details.",
    "ref": "err_210a25f5"
  }
}
===== ANALYST ling3 2026-09-06 05:50:51 UTC =====
[91m[1mError: [0m{
  "name": "UnknownError",
  "data": {
    "message": "Unexpected server error. Check server logs for details.",
    "ref": "err_915e3b17"
  }
}
===== ANALYST ling3 2026-09-06 10:59:02 UTC =====
[91m[1mError: [0m{
  "name": "UnknownError",
  "data": {
    "message": "Unexpected server error. Check server logs for details.",
    "ref": "err_90f80873"
  }
}
===== ANALYST ling3 2026-09-06 14:16:19 UTC =====
[91m[1mError: [0m{
  "name": "UnknownError",
  "data": {
    "message": "Unexpected server error. Check server logs for details.",
    "ref": "err_7ca96305"
  }
}
===== ANALYST ling3 2026-09-06 17:13:13 UTC =====
[91m[1mError: [0m{
  "name": "UnknownError",
  "data": {
    "message": "Unexpected server error. Check server logs for details.",
    "ref": "err_ed93d1e4"
  }
}
===== ANALYST ling3 2026-09-06 19:22:41 UTC =====
[91m[1mError: [0m{
  "name": "UnknownError",
  "data": {
    "message": "Unexpected server error. Check server logs for details.",
    "ref": "err_0ce834a8"
  }
}
===== ANALYST ling3 2026-09-06 21:31:26 UTC =====
[91m[1mError: [0m{
  "name": "UnknownError",
  "data": {
    "message": "Unexpected server error. Check server logs for details.",
    "ref": "err_401b3195"
  }
}
===== ANALYST ling3 2026-09-06 23:16:09 UTC =====
[91m[1mError: [0m{
  "name": "UnknownError",
  "data": {
    "message": "Unexpected server error. Check server logs for details.",
    "ref": "err_c2de2ed3"
  }
}
===== ANALYST ling3 2026-09-07 01:10:29 UTC =====
[91m[1mError: [0m{
  "name": "UnknownError",
  "data": {
    "message": "Unexpected server error. Check server logs for details.",
    "ref": "err_dad78168"
  }
}
===== ANALYST ling3 2026-09-07 06:25:45 UTC =====
[91m[1mError: [0m{
  "name": "UnknownError",
  "data": {
    "message": "Unexpected server error. Check server logs for details.",
    "ref": "err_72af4180"
  }
}
===== ANALYST ling3 2026-09-07 12:55:37 UTC =====
[91m[1mError: [0m{
  "name": "UnknownError",
  "data": {
    "message": "Unexpected server error. Check server logs for details.",
    "ref": "err_d5b150ca"
  }
}
===== ANALYST ling3 2026-09-07 18:28:38 UTC =====
[91m[1mError: [0m{
  "name": "UnknownError",
  "data": {
    "message": "Unexpected server error. Check server logs for details.",
    "ref": "err_404c74fa"
  }
}
