===== ANALYST longcat 2026-09-03 17:55:27 UTC =====
[91m[1mError: [0m{
  "name": "UnknownError",
  "data": {
    "message": "Unexpected server error. Check server logs for details.",
    "ref": "err_a4000af7"
  }
}
===== ANALYST longcat 2026-09-03 21:00:23 UTC =====
[91m[1mError: [0m{
  "name": "UnknownError",
  "data": {
    "message": "Unexpected server error. Check server logs for details.",
    "ref": "err_e90607fa"
  }
}
===== ANALYST longcat 2026-09-03 23:13:28 UTC =====
[91m[1mError: [0m{
  "name": "UnknownError",
  "data": {
    "message": "Unexpected server error. Check server logs for details.",
    "ref": "err_ca992ef6"
  }
}
===== ANALYST longcat 2026-09-04 01:13:42 UTC =====
[91m[1mError: [0m{
  "name": "UnknownError",
  "data": {
    "message": "Unexpected server error. Check server logs for details.",
    "ref": "err_1d86fa9b"
  }
}
===== ANALYST longcat 2026-09-04 06:05:58 UTC =====
[91m[1mError: [0m{
  "name": "UnknownError",
  "data": {
    "message": "Unexpected server error. Check server logs for details.",
    "ref": "err_b9b8d375"
  }
}
===== ANALYST longcat 2026-09-04 11:37:35 UTC =====
[91m[1mError: [0m{
  "name": "UnknownError",
  "data": {
    "message": "Unexpected server error. Check server logs for details.",
    "ref": "err_7e8b6442"
  }
}
===== ANALYST longcat 2026-09-04 15:26:08 UTC =====
[91m[1mError: [0m{
  "name": "UnknownError",
  "data": {
    "message": "Unexpected server error. Check server logs for details.",
    "ref": "err_90d4391f"
  }
}
===== ANALYST longcat 2026-09-04 18:36:03 UTC =====
[91m[1mError: [0m{
  "name": "UnknownError",
  "data": {
    "message": "Unexpected server error. Check server logs for details.",
    "ref": "err_698b5255"
  }
}
===== ANALYST longcat 2026-09-04 21:06:19 UTC =====
[91m[1mError: [0m{
  "name": "UnknownError",
  "data": {
    "message": "Unexpected server error. Check server logs for details.",
    "ref": "err_d514fd88"
  }
}
===== ANALYST longcat 2026-09-04 23:08:56 UTC =====
[91m[1mError: [0m{
  "name": "UnknownError",
  "data": {
    "message": "Unexpected server error. Check server logs for details.",
    "ref": "err_54d7875e"
  }
}
===== ANALYST longcat 2026-09-05 01:11:18 UTC =====
[91m[1mError: [0m{
  "name": "UnknownError",
  "data": {
    "message": "Unexpected server error. Check server logs for details.",
    "ref": "err_49aec0aa"
  }
}
===== ANALYST longcat 2026-09-05 05:58:39 UTC =====
[91m[1mError: [0m{
  "name": "UnknownError",
  "data": {
    "message": "Unexpected server error. Check server logs for details.",
    "ref": "err_8ce8e1e4"
  }
}
===== ANALYST longcat 2026-09-05 10:30:27 UTC =====
[91m[1mError: [0m{
  "name": "UnknownError",
  "data": {
    "message": "Unexpected server error. Check server logs for details.",
    "ref": "err_dee53166"
  }
}
===== ANALYST longcat 2026-09-05 13:34:30 UTC =====
[91m[1mError: [0m{
  "name": "UnknownError",
  "data": {
    "message": "Unexpected server error. Check server logs for details.",
    "ref": "err_a5baf3ea"
  }
}
===== ANALYST longcat 2026-09-05 16:26:13 UTC =====
[91m[1mError: [0m{
  "name": "UnknownError",
  "data": {
    "message": "Unexpected server error. Check server logs for details.",
    "ref": "err_cc51f299"
  }
}
===== ANALYST longcat 2026-09-05 18:46:05 UTC =====
[91m[1mError: [0m{
  "name": "UnknownError",
  "data": {
    "message": "Unexpected server error. Check server logs for details.",
    "ref": "err_0e316506"
  }
}
===== ANALYST longcat 2026-09-05 20:52:44 UTC =====
[91m[1mError: [0m{
  "name": "UnknownError",
  "data": {
    "message": "Unexpected server error. Check server logs for details.",
    "ref": "err_c80dd281"
  }
}
===== ANALYST longcat 2026-09-05 22:48:52 UTC =====
[91m[1mError: [0m{
  "name": "UnknownError",
  "data": {
    "message": "Unexpected server error. Check server logs for details.",
    "ref": "err_a0a7cf37"
  }
}
===== ANALYST longcat 2026-09-06 00:56:42 UTC =====
[91m[1mError: [0m{
  "name": "UnknownError",
  "data": {
    "message": "Unexpected server error. Check server logs for details.",
    "ref": "err_dae3f853"
  }
}
===== ANALYST longcat 2026-09-06 05:50:51 UTC =====
[91m[1mError: [0m{
  "name": "UnknownError",
  "data": {
    "message": "Unexpected server error. Check server logs for details.",
    "ref": "err_025188e5"
  }
}
===== ANALYST longcat 2026-09-06 10:59:02 UTC =====
[91m[1mError: [0m{
  "name": "UnknownError",
  "data": {
    "message": "Unexpected server error. Check server logs for details.",
    "ref": "err_b0402360"
  }
}
===== ANALYST longcat 2026-09-06 14:16:19 UTC =====
[91m[1mError: [0m{
  "name": "UnknownError",
  "data": {
    "message": "Unexpected server error. Check server logs for details.",
    "ref": "err_0b8f4614"
  }
}
===== ANALYST longcat 2026-09-06 17:13:13 UTC =====
[91m[1mError: [0m{
  "name": "UnknownError",
  "data": {
    "message": "Unexpected server error. Check server logs for details.",
    "ref": "err_fff405e2"
  }
}
===== ANALYST longcat 2026-09-06 19:22:41 UTC =====
[91m[1mError: [0m{
  "name": "UnknownError",
  "data": {
    "message": "Unexpected server error. Check server logs for details.",
    "ref": "err_e11920fb"
  }
}
===== ANALYST longcat 2026-09-06 21:31:26 UTC =====
[91m[1mError: [0m{
  "name": "UnknownError",
  "data": {
    "message": "Unexpected server error. Check server logs for details.",
    "ref": "err_80b1aa2b"
  }
}
===== ANALYST longcat 2026-09-06 23:16:09 UTC =====
[91m[1mError: [0m{
  "name": "UnknownError",
  "data": {
    "message": "Unexpected server error. Check server logs for details.",
    "ref": "err_2f8633c8"
  }
}
===== ANALYST longcat 2026-09-07 01:10:29 UTC =====
[91m[1mError: [0m{
  "name": "UnknownError",
  "data": {
    "message": "Unexpected server error. Check server logs for details.",
    "ref": "err_4e613053"
  }
}
===== ANALYST longcat 2026-09-07 06:25:45 UTC =====
[91m[1mError: [0m{
  "name": "UnknownError",
  "data": {
    "message": "Unexpected server error. Check server logs for details.",
    "ref": "err_c178b364"
  }
}
===== ANALYST longcat 2026-09-07 12:55:37 UTC =====
[91m[1mError: [0m{
  "name": "UnknownError",
  "data": {
    "message": "Unexpected server error. Check server logs for details.",
    "ref": "err_f476dee9"
  }
}
===== ANALYST longcat 2026-09-07 18:28:38 UTC =====
[91m[1mError: [0m{
  "name": "UnknownError",
  "data": {
    "message": "Unexpected server error. Check server logs for details.",
    "ref": "err_23405134"
  }
}
===== ANALYST longcat 2026-09-07 21:43:42 UTC =====
[91m[1mError: [0m{
  "name": "UnknownError",
  "data": {
    "message": "Unexpected server error. Check server logs for details.",
    "ref": "err_69e147a9"
  }
}
===== ANALYST longcat 2026-09-07 23:57:07 UTC =====
[91m[1mError: [0m{
  "name": "UnknownError",
  "data": {
    "message": "Unexpected server error. Check server logs for details.",
    "ref": "err_b3740419"
  }
}
===== ANALYST longcat 2026-09-08 04:38:26 UTC =====
[91m[1mError: [0m{
  "name": "UnknownError",
  "data": {
    "message": "Unexpected server error. Check server logs for details.",
    "ref": "err_e47d9733"
  }
}
===== ANALYST longcat 2026-09-08 09:02:09 UTC =====
[91m[1mError: [0m{
  "name": "UnknownError",
  "data": {
    "message": "Unexpected server error. Check server logs for details.",
    "ref": "err_c3595712"
  }
}
===== ANALYST longcat 2026-09-08 13:33:46 UTC =====
[91m[1mError: [0m{
  "name": "UnknownError",
  "data": {
    "message": "Unexpected server error. Check server logs for details.",
    "ref": "err_c682c10c"
  }
}
===== ANALYST longcat 2026-09-08 17:39:01 UTC =====
[91m[1mError: [0m{
  "name": "UnknownError",
  "data": {
    "message": "Unexpected server error. Check server logs for details.",
    "ref": "err_956906bf"
  }
}
===== ANALYST longcat 2026-09-08 20:22:02 UTC =====
[91m[1mError: [0m{
  "name": "UnknownError",
  "data": {
    "message": "Unexpected server error. Check server logs for details.",
    "ref": "err_8874d5b8"
  }
}
===== ANALYST longcat 2026-09-08 22:50:28 UTC =====
[91m[1mError: [0m{
  "name": "UnknownError",
  "data": {
    "message": "Unexpected server error. Check server logs for details.",
    "ref": "err_76af97fd"
  }
}
===== ANALYST longcat 2026-09-09 01:30:37 UTC =====
[91m[1mError: [0m{
  "name": "UnknownError",
  "data": {
    "message": "Unexpected server error. Check server logs for details.",
    "ref": "err_03fd94f7"
  }
}
===== ANALYST longcat 2026-09-09 06:12:00 UTC =====
[91m[1mError: [0m{
  "name": "UnknownError",
  "data": {
    "message": "Unexpected server error. Check server logs for details.",
    "ref": "err_f973fe6f"
  }
}
===== ANALYST longcat 2026-09-09 11:47:49 UTC =====
[91m[1mError: [0m{
  "name": "UnknownError",
  "data": {
    "message": "Unexpected server error. Check server logs for details.",
    "ref": "err_314fe61e"
  }
}
===== ANALYST longcat 2026-09-09 15:35:46 UTC =====
[91m[1mError: [0m{
  "name": "UnknownError",
  "data": {
    "message": "Unexpected server error. Check server logs for details.",
    "ref": "err_bd66f87f"
  }
}
===== ANALYST longcat 2026-09-09 18:50:44 UTC =====
[91m[1mError: [0m{
  "name": "UnknownError",
  "data": {
    "message": "Unexpected server error. Check server logs for details.",
    "ref": "err_9ca17da2"
  }
}
===== ANALYST longcat 2026-09-09 21:42:25 UTC =====
[91m[1mError: [0m{
  "name": "UnknownError",
  "data": {
    "message": "Unexpected server error. Check server logs for details.",
    "ref": "err_cf6d7aed"
  }
}
===== ANALYST longcat 2026-09-09 23:35:35 UTC =====
[91m[1mError: [0m{
  "name": "UnknownError",
  "data": {
    "message": "Unexpected server error. Check server logs for details.",
    "ref": "err_9795b58e"
  }
}
