===== ANALYST laguna 2026-09-03 17:55:27 UTC =====
[91m[1mError: [0m{
  "name": "UnknownError",
  "data": {
    "message": "Unexpected server error. Check server logs for details.",
    "ref": "err_40d19658"
  }
}
===== ANALYST laguna 2026-09-03 21:00:23 UTC =====
[91m[1mError: [0m{
  "name": "UnknownError",
  "data": {
    "message": "Unexpected server error. Check server logs for details.",
    "ref": "err_b0dde030"
  }
}
===== ANALYST laguna 2026-09-03 23:13:28 UTC =====
[91m[1mError: [0m{
  "name": "UnknownError",
  "data": {
    "message": "Unexpected server error. Check server logs for details.",
    "ref": "err_c90cf818"
  }
}
===== ANALYST laguna 2026-09-04 01:13:42 UTC =====
[91m[1mError: [0m{
  "name": "UnknownError",
  "data": {
    "message": "Unexpected server error. Check server logs for details.",
    "ref": "err_19abd3e3"
  }
}
===== ANALYST laguna 2026-09-04 06:05:58 UTC =====
[91m[1mError: [0m{
  "name": "UnknownError",
  "data": {
    "message": "Unexpected server error. Check server logs for details.",
    "ref": "err_e294bb35"
  }
}
===== ANALYST laguna 2026-09-04 11:37:35 UTC =====
[91m[1mError: [0m{
  "name": "UnknownError",
  "data": {
    "message": "Unexpected server error. Check server logs for details.",
    "ref": "err_aa5c45ea"
  }
}
===== ANALYST laguna 2026-09-04 15:26:08 UTC =====
[91m[1mError: [0m{
  "name": "UnknownError",
  "data": {
    "message": "Unexpected server error. Check server logs for details.",
    "ref": "err_0d2a5c9b"
  }
}
===== ANALYST laguna 2026-09-04 18:36:03 UTC =====
[91m[1mError: [0m{
  "name": "UnknownError",
  "data": {
    "message": "Unexpected server error. Check server logs for details.",
    "ref": "err_18684fed"
  }
}
===== ANALYST laguna 2026-09-04 21:06:19 UTC =====
[91m[1mError: [0m{
  "name": "UnknownError",
  "data": {
    "message": "Unexpected server error. Check server logs for details.",
    "ref": "err_70498ae0"
  }
}
===== ANALYST laguna 2026-09-04 23:08:56 UTC =====
[91m[1mError: [0m{
  "name": "UnknownError",
  "data": {
    "message": "Unexpected server error. Check server logs for details.",
    "ref": "err_564ad312"
  }
}
===== ANALYST laguna 2026-09-05 01:11:18 UTC =====
[91m[1mError: [0m{
  "name": "UnknownError",
  "data": {
    "message": "Unexpected server error. Check server logs for details.",
    "ref": "err_33ead98d"
  }
}
===== ANALYST laguna 2026-09-05 05:58:39 UTC =====
[91m[1mError: [0m{
  "name": "UnknownError",
  "data": {
    "message": "Unexpected server error. Check server logs for details.",
    "ref": "err_23afc32d"
  }
}
===== ANALYST laguna 2026-09-05 10:30:27 UTC =====
[91m[1mError: [0m{
  "name": "UnknownError",
  "data": {
    "message": "Unexpected server error. Check server logs for details.",
    "ref": "err_7838891c"
  }
}
===== ANALYST laguna 2026-09-05 13:34:30 UTC =====
[91m[1mError: [0m{
  "name": "UnknownError",
  "data": {
    "message": "Unexpected server error. Check server logs for details.",
    "ref": "err_e332a094"
  }
}
===== ANALYST laguna 2026-09-05 16:26:13 UTC =====
[91m[1mError: [0m{
  "name": "UnknownError",
  "data": {
    "message": "Unexpected server error. Check server logs for details.",
    "ref": "err_32af701e"
  }
}
===== ANALYST laguna 2026-09-05 18:46:05 UTC =====
[91m[1mError: [0m{
  "name": "UnknownError",
  "data": {
    "message": "Unexpected server error. Check server logs for details.",
    "ref": "err_17e78777"
  }
}
===== ANALYST laguna 2026-09-05 20:52:44 UTC =====
[91m[1mError: [0m{
  "name": "UnknownError",
  "data": {
    "message": "Unexpected server error. Check server logs for details.",
    "ref": "err_a010463c"
  }
}
===== ANALYST laguna 2026-09-05 22:48:52 UTC =====
[91m[1mError: [0m{
  "name": "UnknownError",
  "data": {
    "message": "Unexpected server error. Check server logs for details.",
    "ref": "err_1c8411ae"
  }
}
===== ANALYST laguna 2026-09-06 00:56:42 UTC =====
[91m[1mError: [0m{
  "name": "UnknownError",
  "data": {
    "message": "Unexpected server error. Check server logs for details.",
    "ref": "err_75c27cf4"
  }
}
===== ANALYST laguna 2026-09-06 05:50:51 UTC =====
[91m[1mError: [0m{
  "name": "UnknownError",
  "data": {
    "message": "Unexpected server error. Check server logs for details.",
    "ref": "err_d4788d1a"
  }
}
===== ANALYST laguna 2026-09-06 10:59:02 UTC =====
[91m[1mError: [0m{
  "name": "UnknownError",
  "data": {
    "message": "Unexpected server error. Check server logs for details.",
    "ref": "err_087a95f7"
  }
}
===== ANALYST laguna 2026-09-06 14:16:19 UTC =====
[91m[1mError: [0m{
  "name": "UnknownError",
  "data": {
    "message": "Unexpected server error. Check server logs for details.",
    "ref": "err_51567162"
  }
}
===== ANALYST laguna 2026-09-06 17:13:13 UTC =====
[91m[1mError: [0m{
  "name": "UnknownError",
  "data": {
    "message": "Unexpected server error. Check server logs for details.",
    "ref": "err_6fb378b6"
  }
}
===== ANALYST laguna 2026-09-06 19:22:41 UTC =====
[91m[1mError: [0m{
  "name": "UnknownError",
  "data": {
    "message": "Unexpected server error. Check server logs for details.",
    "ref": "err_314f6afb"
  }
}
===== ANALYST laguna 2026-09-06 21:31:26 UTC =====
[91m[1mError: [0m{
  "name": "UnknownError",
  "data": {
    "message": "Unexpected server error. Check server logs for details.",
    "ref": "err_6ef23493"
  }
}
===== ANALYST laguna 2026-09-06 23:16:09 UTC =====
[91m[1mError: [0m{
  "name": "UnknownError",
  "data": {
    "message": "Unexpected server error. Check server logs for details.",
    "ref": "err_acb25475"
  }
}
===== ANALYST laguna 2026-09-07 01:10:29 UTC =====
[91m[1mError: [0m{
  "name": "UnknownError",
  "data": {
    "message": "Unexpected server error. Check server logs for details.",
    "ref": "err_133781c5"
  }
}
===== ANALYST laguna 2026-09-07 06:25:45 UTC =====
[91m[1mError: [0m{
  "name": "UnknownError",
  "data": {
    "message": "Unexpected server error. Check server logs for details.",
    "ref": "err_5c0dc4cd"
  }
}
===== ANALYST laguna 2026-09-07 12:55:37 UTC =====
[91m[1mError: [0m{
  "name": "UnknownError",
  "data": {
    "message": "Unexpected server error. Check server logs for details.",
    "ref": "err_9e974c71"
  }
}
===== ANALYST laguna 2026-09-07 18:28:38 UTC =====
[91m[1mError: [0m{
  "name": "UnknownError",
  "data": {
    "message": "Unexpected server error. Check server logs for details.",
    "ref": "err_d3153984"
  }
}
===== ANALYST laguna 2026-09-07 21:43:42 UTC =====
[91m[1mError: [0m{
  "name": "UnknownError",
  "data": {
    "message": "Unexpected server error. Check server logs for details.",
    "ref": "err_5199c1b0"
  }
}
===== ANALYST laguna 2026-09-07 23:57:07 UTC =====
[91m[1mError: [0m{
  "name": "UnknownError",
  "data": {
    "message": "Unexpected server error. Check server logs for details.",
    "ref": "err_7f93bcf2"
  }
}
